// Jest Snapshot v1, https://goo.gl/fbAQLP

exports[`Imported contract is converted to a valid LocalUpgradeable contract 1`] = `
"pragma solidity ^0.6.0;

import \\"./Imported.sol\\";
import \\"../Local.sol\\";
import \\"./Initializable.sol\\";

contract LocalUpgradeable is Initializable, Imported2Upgradeable {
    
    function __Local_init(uint x, uint y) internal initializer {
        __Imported1_init_unchained(x, y);
        __Imported2_init_unchained(x, y);
        __Local_init_unchained(x, y);
    }

    function __Local_init_unchained(uint x, uint y) internal initializer {
        
         
    }

}
"
`;

exports[`Imported contract is converted to a valid LocalUpgradeable contract 2`] = `
"pragma solidity ^0.6.0;
import \\"../Imported.sol\\";
import \\"./Initializable.sol\\";

contract Imported1Upgradeable is Initializable {
  
    function __Imported1_init(uint256 x, uint256 y) internal initializer {
        __Imported1_init_unchained(x, y);
    }

    function __Imported1_init_unchained(uint256 x, uint256 y) internal initializer {
        
         
    }

}

contract Imported2Upgradeable is Initializable, Imported1Upgradeable {
  
    function __Imported2_init(uint256 x, uint256 y) internal initializer {
        __Imported1_init_unchained(x, y);
        __Imported2_init_unchained(x, y);
    }

    function __Imported2_init_unchained(uint256 x, uint256 y) internal initializer {
        
         
    }

}
"
`;
