// Jest Snapshot v1, https://goo.gl/fbAQLP

exports[`ElementaryTypes contract is converted to a valid ElementaryTypesUpgradeable contract 1`] = `
"pragma solidity ^0.5.0;
import \\"../ElementaryTypes.sol\\";
import \\"./Initializable.sol\\";

contract ElementaryTypesUpgradeable is Initializable  {
    function __ElementaryTypes_init() internal initializer {
        __ElementaryTypes_init_unchained();
    }

    function __ElementaryTypes_init_unchained() internal initializer {
        
        owner = address(0x123);
        active = true;
        hello = \\"hello\\";
        count = -123;
        ucount = 123;
        samevar = \\"stringliteral\\";
        
    }

    address public owner ;
    bool active ;
    string hello ;
    int count ;
    uint ucount ;
    bytes32 samevar ;
}
"
`;
