// Jest Snapshot v1, https://goo.gl/fbAQLP

exports[`ElementaryTypesWithConstructor contract is converted to a valid ElementaryTypesWithConstructorUpgradeable contract 1`] = `
"pragma solidity ^0.5.0;
import \\"../ElementaryTypesWithConstructor.sol\\";
import \\"./Initializable.sol\\";

contract ElementaryTypesWithConstructorUpgradeable is Initializable  {
    function __ElementaryTypesWithConstructor_init() internal {
        __ElementaryTypesWithConstructor_init_unchained();
    }

    function __ElementaryTypesWithConstructor_init_unchained() internal {
        
        
        owner = address(0x123);
        active = true;
        hello = \\"hello\\";
        count = -123;
        ucount = 123;
        samevar = \\"stringliteral\\";
    
    }

    address public owner;
    bool active;
    string hello;
    int count;
    uint ucount;
    bytes32 samevar;

    
}
"
`;
