// Jest Snapshot v1, https://goo.gl/fbAQLP

exports[`SimpleInheritance contract is converted to a valid SICUpgradeable contract 1`] = `
"pragma solidity ^0.5.0;
import \\"../SimpleInheritance.sol\\";
import \\"./Initializable.sol\\";

contract SIAUpgradeable is Initializable {
    function __SIA_init() internal {
        __SIA_init_unchained();
    }

    function __SIA_init_unchained() internal {
        
        
        emit log(\\"SIA\\");
    
    }

    uint256 public foo;
    event log(string);
    
}

contract SIBUpgradeable is Initializable, SIAUpgradeable {
    function __SIB_init() internal {
        __SIA_init_unchained();
        __SIB_init_unchained();
    }

    function __SIB_init_unchained() internal {
        
        val = 123;
        
    }

    uint256 public val ;
}

contract SICUpgradeable is Initializable, SIBUpgradeable {
    function __SIC_init() internal {
        __SIA_init_unchained();
        __SIB_init_unchained();
        __SIC_init_unchained();
    }

    function __SIC_init_unchained() internal {
        
        bar = \\"hello\\";
        
        bar = \\"changed\\";
        emit log(\\"SIC\\");
    
    }

    string public bar ;
    
}"
`;
